[INFO] Scanning for projects...
[INFO] 
[INFO] ------------------< com.helenartstore:HelenArtStore >-------------------
[INFO] Building HelenArtStore 0.0.1-SNAPSHOT
[INFO]   from pom.xml
[INFO] --------------------------------[ jar ]---------------------------------
[INFO] 
[INFO] --- resources:3.3.1:resources (default-resources) @ HelenArtStore ---
[INFO] Copying 1 resource from src\main\resources to target\classes
[INFO] Copying 0 resource from src\main\resources to target\classes
[INFO] 
[INFO] --- compiler:3.13.0:compile (default-compile) @ HelenArtStore ---
[INFO] Nothing to compile - all classes are up to date.
[INFO] 
[INFO] --- resources:3.3.1:testResources (default-testResources) @ HelenArtStore ---
[INFO] Copying 1 resource from src\test\resources to target\test-classes
[INFO] 
[INFO] --- compiler:3.13.0:testCompile (default-testCompile) @ HelenArtStore ---
[INFO] Nothing to compile - all classes are up to date.
[INFO] 
[INFO] --- surefire:3.5.2:test (default-test) @ HelenArtStore ---
[INFO] Using auto detected provider org.apache.maven.surefire.junitplatform.JUnitPlatformProvider
[INFO] 
[INFO] -------------------------------------------------------
[INFO]  T E S T S
[INFO] -------------------------------------------------------
[INFO] Running com.helenartstore.HelenArtStore.services.AuthServiceImplTest
.\mvnw.cmd : Mockito 
is currently 
self-attaching to 
enable the 
inline-mock-maker. 
This will no longer 
work in future 
releases of the JDK. 
Please add Mockito as 
an agent to your 
build what is 
described in 
Mockito's 
documentation: https:/
/javadoc.io/doc/org.mo
ckito/mockito-core/lat
est/org/mockito/Mockit
o.html#0.3
At line:1 char:1
+ .\mvnw.cmd test -Dte
st=AuthServiceImplTest
 > test_output.txt 
2>&1
+ ~~~~~~~~~~~~~~~~~~~~
~~~~~~~~~~~~~~~~~~~~~~
~~~~~~~~~~~~~~~~~~~~~~
~
    + CategoryInfo    
          : NotSpeci  
  fied: (Mockito is   
  curr...ockito.ht    
ml#0.3:String) []    
, RemoteException
    + FullyQualifiedE 
   rrorId : NativeCo  
  mmandError
 
WARNING: A Java agent 
has been loaded 
dynamically (C:\Users\
Dell\.m2\repository\ne
t\bytebuddy\byte-buddy
-agent\1.15.11\byte-bu
ddy-agent-1.15.11.jar)
WARNING: If a 
serviceability tool 
is in use, please run 
with -XX:+EnableDynami
cAgentLoading to hide 
this warning
WARNING: If a 
serviceability tool 
is not in use, please 
run with -Djdk.instrum
ent.traceUsage for 
more information
WARNING: Dynamic 
loading of agents 
will be disallowed by 
default in a future 
release
Java HotSpot(TM) 
64-Bit Server VM 
warning: Sharing is 
only supported for 
boot loader classes 
because bootstrap 
classpath has been 
appended
WARNING: A terminally 
deprecated method in 
sun.misc.Unsafe has 
been called
WARNING: sun.misc.Unsa
fe::objectFieldOffset 
has been called by net
.bytebuddy.dynamic.loa
ding.ClassInjector$Usi
ngUnsafe$Dispatcher$Cr
eationAction (file:/C:
/Users/Dell/.m2/reposi
tory/net/bytebuddy/byt
e-buddy/1.15.11/byte-b
uddy-1.15.11.jar)
WARNING: Please 
consider reporting 
this to the 
maintainers of class n
et.bytebuddy.dynamic.l
oading.ClassInjector$U
singUnsafe$Dispatcher$
CreationAction
WARNING: sun.misc.Unsa
fe::objectFieldOffset 
will be removed in a 
future release
[ERROR] Tests run: 3, Failures: 0, Errors: 3, Skipped: 0, Time elapsed: 3.122 s <<< FAILURE! -- in com.helenartstore.HelenArtStore.services.AuthServiceImplTest
[ERROR] com.helenartstore.HelenArtStore.services.AuthServiceImplTest.upgradeToArtist_AlreadyArtist -- Time elapsed: 2.966 s <<< ERROR!
org.mockito.exceptions.misusing.InjectMocksException: 

Cannot instantiate @InjectMocks field named 'authService' of type 'class com.helenartstore.HelenArtStore.services.AuthServiceImpl'.
You haven't provided the instance at field declaration so I tried to construct the instance.
However the constructor or the initialization block threw an exception : Unresolved compilation problems: 
	UserNotFoundException cannot be resolved to a type
	The method orElseThrow(Supplier<? extends X>) in the type Optional<User> is not applicable for the arguments (() -> {})
	UserNotFoundException cannot be resolved to a type


	at org.mockito.junit.jupiter.MockitoExtension.beforeEach(MockitoExtension.java:160)
	at java.base/java.util.ArrayList.forEach(ArrayList.java:1604)
	at java.base/java.util.ArrayList.forEach(ArrayList.java:1604)
	Suppressed: java.lang.NullPointerException: Cannot invoke "java.util.Set.forEach(java.util.function.Consumer)" because the return value of "org.junit.jupiter.api.extension.ExtensionContext$Store.remove(Object, java.lang.Class)" is null
		at org.mockito.junit.jupiter.MockitoExtension.afterEach(MockitoExtension.java:194)
		... 2 more
Caused by: java.lang.Error: Unresolved compilation problems: 
	UserNotFoundException cannot be resolved to a type
	The method orElseThrow(Supplier<? extends X>) in the type Optional<User> is not applicable for the arguments (() -> {})
	UserNotFoundException cannot be resolved to a type

	at com.helenartstore.HelenArtStore.services.AuthServiceImpl.<init>(AuthServiceImpl.java:91)
	at java.base/java.lang.invoke.MethodHandle.invokeWithArguments(MethodHandle.java:735)
	at org.mockito.internal.util.reflection.InstrumentationMemberAccessor$Dispatcher$ByteBuddy$8orgsE8E.invokeWithArguments(Unknown Source)
	at org.mockito.internal.util.reflection.InstrumentationMemberAccessor.lambda$newInstance$0(InstrumentationMemberAccessor.java:199)
	at org.mockito.internal.util.reflection.InstrumentationMemberAccessor.newInstance(InstrumentationMemberAccessor.java:188)
	at org.mockito.internal.util.reflection.InstrumentationMemberAccessor.newInstance(InstrumentationMemberAccessor.java:161)
	at org.mockito.internal.util.reflection.ModuleMemberAccessor.newInstance(ModuleMemberAccessor.java:42)
	at org.mockito.internal.util.reflection.FieldInitializer$NoArgConstructorInstantiator.instantiate(FieldInitializer.java:203)
	at org.mockito.internal.util.reflection.FieldInitializer.acquireFieldInstance(FieldInitializer.java:146)
	at org.mockito.internal.util.reflection.FieldInitializer.initialize(FieldInitializer.java:91)
	at org.mockito.internal.configuration.injection.PropertyAndSetterInjection.initializeInjectMocksField(PropertyAndSetterInjection.java:93)
	at org.mockito.internal.configuration.injection.PropertyAndSetterInjection.processInjection(PropertyAndSetterInjection.java:73)
	at org.mockito.internal.configuration.injection.MockInjectionStrategy.process(MockInjectionStrategy.java:68)
	at org.mockito.internal.configuration.injection.MockInjectionStrategy.relayProcessToNextStrategy(MockInjectionStrategy.java:91)
	at org.mockito.internal.configuration.injection.MockInjectionStrategy.process(MockInjectionStrategy.java:71)
	at org.mockito.internal.configuration.injection.MockInjectionStrategy.relayProcessToNextStrategy(MockInjectionStrategy.java:91)
	at org.mockito.internal.configuration.injection.MockInjectionStrategy.process(MockInjectionStrategy.java:71)
	at org.mockito.internal.configuration.injection.MockInjection$OngoingMockInjection.apply(MockInjection.java:88)
	at org.mockito.internal.configuration.DefaultInjectionEngine.injectMocksOnFields(DefaultInjectionEngine.java:26)
	at org.mockito.internal.configuration.InjectingAnnotationEngine.injectCloseableMocks(InjectingAnnotationEngine.java:107)
	at org.mockito.internal.configuration.InjectingAnnotationEngine.process(InjectingAnnotationEngine.java:48)
	at org.mockito.MockitoAnnotations.openMocks(MockitoAnnotations.java:81)
	at org.mockito.internal.framework.DefaultMockitoSession.<init>(DefaultMockitoSession.java:43)
	at org.mockito.internal.session.DefaultMockitoSessionBuilder.startMocking(DefaultMockitoSessionBuilder.java:83)
	... 3 more

[ERROR] com.helenartstore.HelenArtStore.services.AuthServiceImplTest.upgradeToArtist_Success -- Time elapsed: 0.045 s <<< ERROR!
org.mockito.exceptions.misusing.InjectMocksException: 

Cannot instantiate @InjectMocks field named 'authService' of type 'class com.helenartstore.HelenArtStore.services.AuthServiceImpl'.
You haven't provided the instance at field declaration so I tried to construct the instance.
However the constructor or the initialization block threw an exception : Unresolved compilation problems: 
	UserNotFoundException cannot be resolved to a type
	The method orElseThrow(Supplier<? extends X>) in the type Optional<User> is not applicable for the arguments (() -> {})
	UserNotFoundException cannot be resolved to a type


	at org.mockito.junit.jupiter.MockitoExtension.beforeEach(MockitoExtension.java:160)
	at java.base/java.util.ArrayList.forEach(ArrayList.java:1604)
	at java.base/java.util.ArrayList.forEach(ArrayList.java:1604)
	Suppressed: java.lang.NullPointerException: Cannot invoke "java.util.Set.forEach(java.util.function.Consumer)" because the return value of "org.junit.jupiter.api.extension.ExtensionContext$Store.remove(Object, java.lang.Class)" is null
		at org.mockito.junit.jupiter.MockitoExtension.afterEach(MockitoExtension.java:194)
		... 2 more
Caused by: java.lang.Error: Unresolved compilation problems: 
	UserNotFoundException cannot be resolved to a type
	The method orElseThrow(Supplier<? extends X>) in the type Optional<User> is not applicable for the arguments (() -> {})
	UserNotFoundException cannot be resolved to a type

	at com.helenartstore.HelenArtStore.services.AuthServiceImpl.<init>(AuthServiceImpl.java:91)
	at java.base/java.lang.invoke.MethodHandle.invokeWithArguments(MethodHandle.java:735)
	at org.mockito.internal.util.reflection.InstrumentationMemberAccessor$Dispatcher$ByteBuddy$8orgsE8E.invokeWithArguments(Unknown Source)
	at org.mockito.internal.util.reflection.InstrumentationMemberAccessor.lambda$newInstance$0(InstrumentationMemberAccessor.java:199)
	at org.mockito.internal.util.reflection.InstrumentationMemberAccessor.newInstance(InstrumentationMemberAccessor.java:188)
	at org.mockito.internal.util.reflection.InstrumentationMemberAccessor.newInstance(InstrumentationMemberAccessor.java:161)
	at org.mockito.internal.util.reflection.ModuleMemberAccessor.newInstance(ModuleMemberAccessor.java:42)
	at org.mockito.internal.util.reflection.FieldInitializer$NoArgConstructorInstantiator.instantiate(FieldInitializer.java:203)
	at org.mockito.internal.util.reflection.FieldInitializer.acquireFieldInstance(FieldInitializer.java:146)
	at org.mockito.internal.util.reflection.FieldInitializer.initialize(FieldInitializer.java:91)
	at org.mockito.internal.configuration.injection.PropertyAndSetterInjection.initializeInjectMocksField(PropertyAndSetterInjection.java:93)
	at org.mockito.internal.configuration.injection.PropertyAndSetterInjection.processInjection(PropertyAndSetterInjection.java:73)
	at org.mockito.internal.configuration.injection.MockInjectionStrategy.process(MockInjectionStrategy.java:68)
	at org.mockito.internal.configuration.injection.MockInjectionStrategy.relayProcessToNextStrategy(MockInjectionStrategy.java:91)
	at org.mockito.internal.configuration.injection.MockInjectionStrategy.process(MockInjectionStrategy.java:71)
	at org.mockito.internal.configuration.injection.MockInjectionStrategy.relayProcessToNextStrategy(MockInjectionStrategy.java:91)
	at org.mockito.internal.configuration.injection.MockInjectionStrategy.process(MockInjectionStrategy.java:71)
	at org.mockito.internal.configuration.injection.MockInjection$OngoingMockInjection.apply(MockInjection.java:88)
	at org.mockito.internal.configuration.DefaultInjectionEngine.injectMocksOnFields(DefaultInjectionEngine.java:26)
	at org.mockito.internal.configuration.InjectingAnnotationEngine.injectCloseableMocks(InjectingAnnotationEngine.java:107)
	at org.mockito.internal.configuration.InjectingAnnotationEngine.process(InjectingAnnotationEngine.java:48)
	at org.mockito.MockitoAnnotations.openMocks(MockitoAnnotations.java:81)
	at org.mockito.internal.framework.DefaultMockitoSession.<init>(DefaultMockitoSession.java:43)
	at org.mockito.internal.session.DefaultMockitoSessionBuilder.startMocking(DefaultMockitoSessionBuilder.java:83)
	... 3 more

[ERROR] com.helenartstore.HelenArtStore.services.AuthServiceImplTest.upgradeToArtist_UserNotFound -- Time elapsed: 0.025 s <<< ERROR!
org.mockito.exceptions.misusing.InjectMocksException: 

Cannot instantiate @InjectMocks field named 'authService' of type 'class com.helenartstore.HelenArtStore.services.AuthServiceImpl'.
You haven't provided the instance at field declaration so I tried to construct the instance.
However the constructor or the initialization block threw an exception : Unresolved compilation problems: 
	UserNotFoundException cannot be resolved to a type
	The method orElseThrow(Supplier<? extends X>) in the type Optional<User> is not applicable for the arguments (() -> {})
	UserNotFoundException cannot be resolved to a type


	at org.mockito.junit.jupiter.MockitoExtension.beforeEach(MockitoExtension.java:160)
	at java.base/java.util.ArrayList.forEach(ArrayList.java:1604)
	at java.base/java.util.ArrayList.forEach(ArrayList.java:1604)
	Suppressed: java.lang.NullPointerException: Cannot invoke "java.util.Set.forEach(java.util.function.Consumer)" because the return value of "org.junit.jupiter.api.extension.ExtensionContext$Store.remove(Object, java.lang.Class)" is null
		at org.mockito.junit.jupiter.MockitoExtension.afterEach(MockitoExtension.java:194)
		... 2 more
Caused by: java.lang.Error: Unresolved compilation problems: 
	UserNotFoundException cannot be resolved to a type
	The method orElseThrow(Supplier<? extends X>) in the type Optional<User> is not applicable for the arguments (() -> {})
	UserNotFoundException cannot be resolved to a type

	at com.helenartstore.HelenArtStore.services.AuthServiceImpl.<init>(AuthServiceImpl.java:91)
	at java.base/java.lang.invoke.MethodHandle.invokeWithArguments(MethodHandle.java:735)
	at org.mockito.internal.util.reflection.InstrumentationMemberAccessor$Dispatcher$ByteBuddy$8orgsE8E.invokeWithArguments(Unknown Source)
	at org.mockito.internal.util.reflection.InstrumentationMemberAccessor.lambda$newInstance$0(InstrumentationMemberAccessor.java:199)
	at org.mockito.internal.util.reflection.InstrumentationMemberAccessor.newInstance(InstrumentationMemberAccessor.java:188)
	at org.mockito.internal.util.reflection.InstrumentationMemberAccessor.newInstance(InstrumentationMemberAccessor.java:161)
	at org.mockito.internal.util.reflection.ModuleMemberAccessor.newInstance(ModuleMemberAccessor.java:42)
	at org.mockito.internal.util.reflection.FieldInitializer$NoArgConstructorInstantiator.instantiate(FieldInitializer.java:203)
	at org.mockito.internal.util.reflection.FieldInitializer.acquireFieldInstance(FieldInitializer.java:146)
	at org.mockito.internal.util.reflection.FieldInitializer.initialize(FieldInitializer.java:91)
	at org.mockito.internal.configuration.injection.PropertyAndSetterInjection.initializeInjectMocksField(PropertyAndSetterInjection.java:93)
	at org.mockito.internal.configuration.injection.PropertyAndSetterInjection.processInjection(PropertyAndSetterInjection.java:73)
	at org.mockito.internal.configuration.injection.MockInjectionStrategy.process(MockInjectionStrategy.java:68)
	at org.mockito.internal.configuration.injection.MockInjectionStrategy.relayProcessToNextStrategy(MockInjectionStrategy.java:91)
	at org.mockito.internal.configuration.injection.MockInjectionStrategy.process(MockInjectionStrategy.java:71)
	at org.mockito.internal.configuration.injection.MockInjectionStrategy.relayProcessToNextStrategy(MockInjectionStrategy.java:91)
	at org.mockito.internal.configuration.injection.MockInjectionStrategy.process(MockInjectionStrategy.java:71)
	at org.mockito.internal.configuration.injection.MockInjection$OngoingMockInjection.apply(MockInjection.java:88)
	at org.mockito.internal.configuration.DefaultInjectionEngine.injectMocksOnFields(DefaultInjectionEngine.java:26)
	at org.mockito.internal.configuration.InjectingAnnotationEngine.injectCloseableMocks(InjectingAnnotationEngine.java:107)
	at org.mockito.internal.configuration.InjectingAnnotationEngine.process(InjectingAnnotationEngine.java:48)
	at org.mockito.MockitoAnnotations.openMocks(MockitoAnnotations.java:81)
	at org.mockito.internal.framework.DefaultMockitoSession.<init>(DefaultMockitoSession.java:43)
	at org.mockito.internal.session.DefaultMockitoSessionBuilder.startMocking(DefaultMockitoSessionBuilder.java:83)
	... 3 more

[INFO] 
[INFO] Results:
[INFO] 
[ERROR] Errors: 
[ERROR]   AuthServiceImplTest.upgradeToArtist_AlreadyArtist ╗ InjectMocks 
Cannot instantiate @InjectMocks field named 'authService' of type 'class com.helenartstore.HelenArtStore.services.AuthServiceImpl'.
You haven't provided the instance at field declaration so I tried to construct the instance.
However the constructor or the initialization block threw an exception : Unresolved compilation problems: 
	UserNotFoundException cannot be resolved to a type
	The method orElseThrow(Supplier<? extends X>) in the type Optional<User> is not applicable for the arguments (() -> {})
	UserNotFoundException cannot be resolved to a type


[ERROR]   AuthServiceImplTest.upgradeToArtist_Success ╗ InjectMocks 
Cannot instantiate @InjectMocks field named 'authService' of type 'class com.helenartstore.HelenArtStore.services.AuthServiceImpl'.
You haven't provided the instance at field declaration so I tried to construct the instance.
However the constructor or the initialization block threw an exception : Unresolved compilation problems: 
	UserNotFoundException cannot be resolved to a type
	The method orElseThrow(Supplier<? extends X>) in the type Optional<User> is not applicable for the arguments (() -> {})
	UserNotFoundException cannot be resolved to a type


[ERROR]   AuthServiceImplTest.upgradeToArtist_UserNotFound ╗ InjectMocks 
Cannot instantiate @InjectMocks field named 'authService' of type 'class com.helenartstore.HelenArtStore.services.AuthServiceImpl'.
You haven't provided the instance at field declaration so I tried to construct the instance.
However the constructor or the initialization block threw an exception : Unresolved compilation problems: 
	UserNotFoundException cannot be resolved to a type
	The method orElseThrow(Supplier<? extends X>) in the type Optional<User> is not applicable for the arguments (() -> {})
	UserNotFoundException cannot be resolved to a type


[INFO] 
[ERROR] Tests run: 3, Failures: 0, Errors: 3, Skipped: 0
[INFO] 
[INFO] ------------------------------------------------------------------------
[INFO] BUILD FAILURE
[INFO] ------------------------------------------------------------------------
[INFO] Total time:  8.214 s
[INFO] Finished at: 2026-02-23T16:17:19+01:00
[INFO] ------------------------------------------------------------------------
[ERROR] Failed to execute goal org.apache.maven.plugins:maven-surefire-plugin:3.5.2:test (default-test) on project HelenArtStore: 
[ERROR] 
[ERROR] See C:\Users\Dell\Documents\HelenArtStore\HelenArtStore\target\surefire-reports for the individual test results.
[ERROR] See dump files (if any exist) [date].dump, [date]-jvmRun[N].dump and [date].dumpstream.
[ERROR] -> [Help 1]
[ERROR] 
[ERROR] To see the full stack trace of the errors, re-run Maven with the -e switch.
[ERROR] Re-run Maven using the -X switch to enable full debug logging.
[ERROR] 
[ERROR] For more information about the errors and possible solutions, please read the following articles:
[ERROR] [Help 1] http://cwiki.apache.org/confluence/display/MAVEN/MojoFailureException
